[    1509ms] [WARNING] Error while trying to use the following icon from the Manifest: https://imagen.hospitalrealsanlucas.com.mx/assets/android-chrome-144x144.png (Download error or resource isn't a valid image) @ https://imagen.hospitalrealsanlucas.com.mx/viewers2/viewer?StudyInstanceUIDs=1.2.826.0.1.3680043.8.498.11720868185761461590540679539517119441:0
[    2145ms] [LOG] CornerstoneRender: using GPU rendering @ https://imagen.hospitalrealsanlucas.com.mx/viewers2/app.bundle.0bd3b9e1fb90dc82.js:175
[    2148ms] [LOG] New 'Cornerstone3DTools@0.1' source added. @ https://imagen.hospitalrealsanlucas.com.mx/viewers2/app.bundle.0bd3b9e1fb90dc82.js:11
[    2156ms] [LOG] Registering worklist route /viewers2/ /viewers2 @ https://imagen.hospitalrealsanlucas.com.mx/viewers2/app.bundle.0bd3b9e1fb90dc82.js:8
[    2483ms] [LOG] using... touch backend? false @ https://imagen.hospitalrealsanlucas.com.mx/viewers2/app.bundle.0bd3b9e1fb90dc82.js:16
[    2636ms] [TIMEEND] studyToDisplaySetsLoaded: 134.068115234375 ms @ https://imagen.hospitalrealsanlucas.com.mx/viewers2/app.bundle.0bd3b9e1fb90dc82.js:11
[    2863ms] [LOG] ProtocolEngine::matchImages [] [Object, Object] @ https://imagen.hospitalrealsanlucas.com.mx/viewers2/app.bundle.0bd3b9e1fb90dc82.js:11
[    2864ms] [LOG] ProtocolEngine::matchImages bestMatch {StudyInstanceUID: 1.2.826.0.1.3680043.8.498.11720868185761461590540679539517119441, SeriesInstanceUID: 1.3.12.2.1107.5.2.52.196740.30000026071109124139200000006, displaySetInstanceUID: 032bee78-ebc4-ed2c-34b7-ca30e4333d10, matchingScore: 10, matchDetails: Object} [Object, Object, Object, Object, Object, Object] @ https://imagen.hospitalrealsanlucas.com.mx/viewers2/app.bundle.0bd3b9e1fb90dc82.js:11
[    2864ms] [LOG] ProtocolEngine::matchImages [] [Object, Object] @ https://imagen.hospitalrealsanlucas.com.mx/viewers2/app.bundle.0bd3b9e1fb90dc82.js:11
[    2864ms] [LOG] ProtocolEngine::matchImages bestMatch {StudyInstanceUID: 1.2.826.0.1.3680043.8.498.11720868185761461590540679539517119441, SeriesInstanceUID: 1.3.12.2.1107.5.2.52.196740.30000026071109124139200000006, displaySetInstanceUID: 032bee78-ebc4-ed2c-34b7-ca30e4333d10, matchingScore: 10, matchDetails: Object} [Object, Object, Object, Object, Object, Object] @ https://imagen.hospitalrealsanlucas.com.mx/viewers2/app.bundle.0bd3b9e1fb90dc82.js:11
[    2864ms] [LOG] ProtocolEngine::matchImages [] [Object, Object] @ https://imagen.hospitalrealsanlucas.com.mx/viewers2/app.bundle.0bd3b9e1fb90dc82.js:11
[    2865ms] [LOG] ProtocolEngine::matchImages bestMatch {StudyInstanceUID: 1.2.826.0.1.3680043.8.498.11720868185761461590540679539517119441, SeriesInstanceUID: 1.3.12.2.1107.5.2.52.196740.30000026071109124139200000006, displaySetInstanceUID: 032bee78-ebc4-ed2c-34b7-ca30e4333d10, matchingScore: 10, matchDetails: Object} [Object, Object, Object, Object, Object, Object] @ https://imagen.hospitalrealsanlucas.com.mx/viewers2/app.bundle.0bd3b9e1fb90dc82.js:11
[    2865ms] [LOG] ProtocolEngine::matchImages [] [Object, Object] @ https://imagen.hospitalrealsanlucas.com.mx/viewers2/app.bundle.0bd3b9e1fb90dc82.js:11
[    2865ms] [LOG] ProtocolEngine::matchImages bestMatch {StudyInstanceUID: 1.2.826.0.1.3680043.8.498.11720868185761461590540679539517119441, SeriesInstanceUID: 1.3.12.2.1107.5.2.52.196740.30000026071109124139200000006, displaySetInstanceUID: 032bee78-ebc4-ed2c-34b7-ca30e4333d10, matchingScore: 10, matchDetails: Object} [Object, Object, Object, Object, Object, Object] @ https://imagen.hospitalrealsanlucas.com.mx/viewers2/app.bundle.0bd3b9e1fb90dc82.js:11
[    2949ms] [TIMEEND] displaySetsToFirstImage: 313.088134765625 ms @ https://imagen.hospitalrealsanlucas.com.mx/viewers2/app.bundle.0bd3b9e1fb90dc82.js:11
[    2950ms] [TIMEEND] studyToFirstImage: 447.260986328125 ms @ https://imagen.hospitalrealsanlucas.com.mx/viewers2/app.bundle.0bd3b9e1fb90dc82.js:11
[    2950ms] [TIMEEND] scriptToView: 2594.93896484375 ms @ https://imagen.hospitalrealsanlucas.com.mx/viewers2/app.bundle.0bd3b9e1fb90dc82.js:11
[    2950ms] [TIMEEND] displaySetsToAllImages: 313.18017578125 ms @ https://imagen.hospitalrealsanlucas.com.mx/viewers2/app.bundle.0bd3b9e1fb90dc82.js:11
[    3208ms] [LOG] No source mapping 443c31cb-8201-f4a0-16dd-59e3b8f71f39 ReferenceLines {uid: 443c31cb-8201-f4a0-16dd-59e3b8f71f39, name: Cornerstone3DTools, version: 0.1, annotationToMeasurement: , remove: } @ https://imagen.hospitalrealsanlucas.com.mx/viewers2/app.bundle.0bd3b9e1fb90dc82.js:11
[    3208ms] [LOG] Measurement is invalidated, skipping... {annotation: Object, viewportId: default, renderingEngineId: OHIFCornerstoneRenderingEngine, uid: 18eca2b3-2fe1-4460-864d-d8120bd031db} @ https://imagen.hospitalrealsanlucas.com.mx/viewers2/app.bundle.0bd3b9e1fb90dc82.js:11
