[    1447ms] [WARNING] Error while trying to use the following icon from the Manifest: https://imagen.hospitalrealsanlucas.com.mx/assets/android-chrome-144x144.png (Download error or resource isn't a valid image) @ https://imagen.hospitalrealsanlucas.com.mx/viewers2/viewer?StudyInstanceUIDs=1.2.826.0.1.3680043.8.498.11720868185761461590540679539517119441:0
[    2065ms] [LOG] CornerstoneRender: using GPU rendering @ https://imagen.hospitalrealsanlucas.com.mx/viewers2/app.bundle.0bd3b9e1fb90dc82.js:175
[    2065ms] [LOG] New 'Cornerstone3DTools@0.1' source added. @ https://imagen.hospitalrealsanlucas.com.mx/viewers2/app.bundle.0bd3b9e1fb90dc82.js:11
[    2071ms] [LOG] Registering worklist route /viewers2/ /viewers2 @ https://imagen.hospitalrealsanlucas.com.mx/viewers2/app.bundle.0bd3b9e1fb90dc82.js:8
[    2255ms] [LOG] using... touch backend? false @ https://imagen.hospitalrealsanlucas.com.mx/viewers2/app.bundle.0bd3b9e1fb90dc82.js:16
[    2496ms] [TIMEEND] studyToDisplaySetsLoaded: 222.2509765625 ms @ https://imagen.hospitalrealsanlucas.com.mx/viewers2/app.bundle.0bd3b9e1fb90dc82.js:11
[    2638ms] [LOG] ProtocolEngine::matchImages [] [Object, Object] @ https://imagen.hospitalrealsanlucas.com.mx/viewers2/app.bundle.0bd3b9e1fb90dc82.js:11
[    2638ms] [LOG] ProtocolEngine::matchImages bestMatch {StudyInstanceUID: 1.2.826.0.1.3680043.8.498.11720868185761461590540679539517119441, SeriesInstanceUID: 1.3.12.2.1107.5.2.52.196740.30000026071109124139200000006, displaySetInstanceUID: becea238-8b2b-bd38-a7b7-8079ac86b01b, matchingScore: 10, matchDetails: Object} [Object, Object, Object, Object, Object, Object] @ https://imagen.hospitalrealsanlucas.com.mx/viewers2/app.bundle.0bd3b9e1fb90dc82.js:11
[    2638ms] [LOG] ProtocolEngine::matchImages [] [Object, Object] @ https://imagen.hospitalrealsanlucas.com.mx/viewers2/app.bundle.0bd3b9e1fb90dc82.js:11
[    2639ms] [LOG] ProtocolEngine::matchImages bestMatch {StudyInstanceUID: 1.2.826.0.1.3680043.8.498.11720868185761461590540679539517119441, SeriesInstanceUID: 1.3.12.2.1107.5.2.52.196740.30000026071109124139200000006, displaySetInstanceUID: becea238-8b2b-bd38-a7b7-8079ac86b01b, matchingScore: 10, matchDetails: Object} [Object, Object, Object, Object, Object, Object] @ https://imagen.hospitalrealsanlucas.com.mx/viewers2/app.bundle.0bd3b9e1fb90dc82.js:11
[    2639ms] [LOG] ProtocolEngine::matchImages [] [Object, Object] @ https://imagen.hospitalrealsanlucas.com.mx/viewers2/app.bundle.0bd3b9e1fb90dc82.js:11
[    2639ms] [LOG] ProtocolEngine::matchImages bestMatch {StudyInstanceUID: 1.2.826.0.1.3680043.8.498.11720868185761461590540679539517119441, SeriesInstanceUID: 1.3.12.2.1107.5.2.52.196740.30000026071109124139200000006, displaySetInstanceUID: becea238-8b2b-bd38-a7b7-8079ac86b01b, matchingScore: 10, matchDetails: Object} [Object, Object, Object, Object, Object, Object] @ https://imagen.hospitalrealsanlucas.com.mx/viewers2/app.bundle.0bd3b9e1fb90dc82.js:11
[    2639ms] [LOG] ProtocolEngine::matchImages [] [Object, Object] @ https://imagen.hospitalrealsanlucas.com.mx/viewers2/app.bundle.0bd3b9e1fb90dc82.js:11
[    2639ms] [LOG] ProtocolEngine::matchImages bestMatch {StudyInstanceUID: 1.2.826.0.1.3680043.8.498.11720868185761461590540679539517119441, SeriesInstanceUID: 1.3.12.2.1107.5.2.52.196740.30000026071109124139200000006, displaySetInstanceUID: becea238-8b2b-bd38-a7b7-8079ac86b01b, matchingScore: 10, matchDetails: Object} [Object, Object, Object, Object, Object, Object] @ https://imagen.hospitalrealsanlucas.com.mx/viewers2/app.bundle.0bd3b9e1fb90dc82.js:11
[    2720ms] [TIMEEND] displaySetsToFirstImage: 223.4169921875 ms @ https://imagen.hospitalrealsanlucas.com.mx/viewers2/app.bundle.0bd3b9e1fb90dc82.js:11
[    2720ms] [TIMEEND] studyToFirstImage: 445.780029296875 ms @ https://imagen.hospitalrealsanlucas.com.mx/viewers2/app.bundle.0bd3b9e1fb90dc82.js:11
[    2720ms] [TIMEEND] scriptToView: 2431.77392578125 ms @ https://imagen.hospitalrealsanlucas.com.mx/viewers2/app.bundle.0bd3b9e1fb90dc82.js:11
[    2720ms] [TIMEEND] displaySetsToAllImages: 223.506103515625 ms @ https://imagen.hospitalrealsanlucas.com.mx/viewers2/app.bundle.0bd3b9e1fb90dc82.js:11
[    2931ms] [LOG] No source mapping 666a2fd5-57d0-64d7-3bda-c25980da0008 ReferenceLines {uid: 666a2fd5-57d0-64d7-3bda-c25980da0008, name: Cornerstone3DTools, version: 0.1, annotationToMeasurement: , remove: } @ https://imagen.hospitalrealsanlucas.com.mx/viewers2/app.bundle.0bd3b9e1fb90dc82.js:11
[    2931ms] [LOG] Measurement is invalidated, skipping... {annotation: Object, viewportId: default, renderingEngineId: OHIFCornerstoneRenderingEngine, uid: b88779a4-1e13-40a0-9c5c-1f82d1789121} @ https://imagen.hospitalrealsanlucas.com.mx/viewers2/app.bundle.0bd3b9e1fb90dc82.js:11
