[    2088ms] [WARNING] Error while trying to use the following icon from the Manifest: https://imagen.hospitalrealsanlucas.com.mx/assets/android-chrome-144x144.png (Download error or resource isn't a valid image) @ https://imagen.hospitalrealsanlucas.com.mx/viewers2/viewer?StudyInstanceUIDs=1.2.826.0.1.3680043.8.498.11720868185761461590540679539517119441:0
[    2989ms] [LOG] CornerstoneRender: using GPU rendering @ https://imagen.hospitalrealsanlucas.com.mx/viewers2/app.bundle.e5388edc2c94f695.js:175
[    2991ms] [LOG] New 'Cornerstone3DTools@0.1' source added. @ https://imagen.hospitalrealsanlucas.com.mx/viewers2/app.bundle.e5388edc2c94f695.js:11
[    2997ms] [LOG] Registering worklist route /viewers2/ /viewers2 @ https://imagen.hospitalrealsanlucas.com.mx/viewers2/app.bundle.e5388edc2c94f695.js:8
[    3181ms] [LOG] using... touch backend? false @ https://imagen.hospitalrealsanlucas.com.mx/viewers2/app.bundle.e5388edc2c94f695.js:16
[    3526ms] [TIMEEND] studyToDisplaySetsLoaded: 294.2099609375 ms @ https://imagen.hospitalrealsanlucas.com.mx/viewers2/app.bundle.e5388edc2c94f695.js:11
[    3527ms] [LOG] ProtocolEngine::matchImages [] [Object, Object] @ https://imagen.hospitalrealsanlucas.com.mx/viewers2/app.bundle.e5388edc2c94f695.js:11
[    3529ms] [LOG] ProtocolEngine::matchImages bestMatch {StudyInstanceUID: 1.2.826.0.1.3680043.8.498.11720868185761461590540679539517119441, SeriesInstanceUID: 1.3.12.2.1107.5.2.52.196740.30000026071109124139200000006, displaySetInstanceUID: b23e1231-6a58-a5dc-963f-dfe02e87b091, matchingScore: 10, matchDetails: Object} [Object, Object, Object, Object, Object, Object] @ https://imagen.hospitalrealsanlucas.com.mx/viewers2/app.bundle.e5388edc2c94f695.js:11
[    3529ms] [LOG] ProtocolEngine::matchImages [] [Object, Object] @ https://imagen.hospitalrealsanlucas.com.mx/viewers2/app.bundle.e5388edc2c94f695.js:11
[    3529ms] [LOG] ProtocolEngine::matchImages bestMatch {StudyInstanceUID: 1.2.826.0.1.3680043.8.498.11720868185761461590540679539517119441, SeriesInstanceUID: 1.3.12.2.1107.5.2.52.196740.30000026071109124139200000006, displaySetInstanceUID: b23e1231-6a58-a5dc-963f-dfe02e87b091, matchingScore: 10, matchDetails: Object} [Object, Object, Object, Object, Object, Object] @ https://imagen.hospitalrealsanlucas.com.mx/viewers2/app.bundle.e5388edc2c94f695.js:11
[    3530ms] [LOG] ProtocolEngine::matchImages [] [Object, Object] @ https://imagen.hospitalrealsanlucas.com.mx/viewers2/app.bundle.e5388edc2c94f695.js:11
[    3530ms] [LOG] ProtocolEngine::matchImages bestMatch {StudyInstanceUID: 1.2.826.0.1.3680043.8.498.11720868185761461590540679539517119441, SeriesInstanceUID: 1.3.12.2.1107.5.2.52.196740.30000026071109124139200000006, displaySetInstanceUID: b23e1231-6a58-a5dc-963f-dfe02e87b091, matchingScore: 10, matchDetails: Object} [Object, Object, Object, Object, Object, Object] @ https://imagen.hospitalrealsanlucas.com.mx/viewers2/app.bundle.e5388edc2c94f695.js:11
[    3530ms] [LOG] ProtocolEngine::matchImages [] [Object, Object] @ https://imagen.hospitalrealsanlucas.com.mx/viewers2/app.bundle.e5388edc2c94f695.js:11
[    3530ms] [LOG] ProtocolEngine::matchImages bestMatch {StudyInstanceUID: 1.2.826.0.1.3680043.8.498.11720868185761461590540679539517119441, SeriesInstanceUID: 1.3.12.2.1107.5.2.52.196740.30000026071109124139200000006, displaySetInstanceUID: b23e1231-6a58-a5dc-963f-dfe02e87b091, matchingScore: 10, matchDetails: Object} [Object, Object, Object, Object, Object, Object] @ https://imagen.hospitalrealsanlucas.com.mx/viewers2/app.bundle.e5388edc2c94f695.js:11
[    3614ms] [ERROR] Error: Minified React error #130; visit https://reactjs.org/docs/error-decoder.html?invariant=130&args[]=null&args[]= for the full message or use the non-minified dev environment for full errors and additional helpful warnings.
    at sJ (https://imagen.hospitalrealsanlucas.com.mx/viewers2/app.bundle.e5388edc2c94f695.js:25:1650039)
    at s (https://imagen.hospitalrealsanlucas.com.mx/viewers2/app.bundle.e5388edc2c94f695.js:25:1585095)
    at ol (https://imagen.hospitalrealsanlucas.com.mx/viewers2/app.bundle.e5388edc2c94f695.js:25:1605188)
    at l (https://imagen.hospitalrealsanlucas.com.mx/viewers2/app.bundle.e5388edc2c94f695.js:25:1655229)
    at sL (https://imagen.hospitalrealsanlucas.com.mx/viewers2/app.bundle.e5388edc2c94f695.js:25:1633102)
    at sN (https://imagen.hospitalrealsanlucas.com.mx/viewers2/app.bundle.e5388edc2c94f695.js:25:1632972)
    at sx (https://imagen.hospitalrealsanlucas.com.mx/viewers2/app.bundle.e5388edc2c94f695.js:25:1629743)
    at sC (https://imagen.hospitalrealsanlucas.com.mx/viewers2/app.bundle.e5388edc2c94f695.js:25:1628298)
    at E (https://imagen.hospitalrealsanlucas.com.mx/viewers2/app.bundle.e5388edc2c94f695.js:25:1731678)
    at MessagePort.T (https://imagen.hospitalrealsanlucas.com.mx/viewers2/app.bundle.e5388edc2c94f695.js:25:1732199) @ https://imagen.hospitalrealsanlucas.com.mx/viewers2/app.bundle.e5388edc2c94f695.js:24
[    3615ms] [ERROR] Error: Minified React error #130; visit https://reactjs.org/docs/error-decoder.html?invariant=130&args[]=null&args[]= for the full message or use the non-minified dev environment for full errors and additional helpful warnings.
    at sJ (https://imagen.hospitalrealsanlucas.com.mx/viewers2/app.bundle.e5388edc2c94f695.js:25:1650039)
    at s (https://imagen.hospitalrealsanlucas.com.mx/viewers2/app.bundle.e5388edc2c94f695.js:25:1585095)
    at ol (https://imagen.hospitalrealsanlucas.com.mx/viewers2/app.bundle.e5388edc2c94f695.js:25:1605188)
    at l (https://imagen.hospitalrealsanlucas.com.mx/viewers2/app.bundle.e5388edc2c94f695.js:25:1655229)
    at sL (https://imagen.hospitalrealsanlucas.com.mx/viewers2/app.bundle.e5388edc2c94f695.js:25:1633102)
    at sN (https://imagen.hospitalrealsanlucas.com.mx/viewers2/app.bundle.e5388edc2c94f695.js:25:1632972)
    at sx (https://imagen.hospitalrealsanlucas.com.mx/viewers2/app.bundle.e5388edc2c94f695.js:25:1629743)
    at sC (https://imagen.hospitalrealsanlucas.com.mx/viewers2/app.bundle.e5388edc2c94f695.js:25:1628298)
    at E (https://imagen.hospitalrealsanlucas.com.mx/viewers2/app.bundle.e5388edc2c94f695.js:25:1731678)
    at MessagePort.T (https://imagen.hospitalrealsanlucas.com.mx/viewers2/app.bundle.e5388edc2c94f695.js:25:1732199) @ https://imagen.hospitalrealsanlucas.com.mx/viewers2/app.bundle.e5388edc2c94f695.js:24
[    3615ms] [ERROR] Error: Minified React error #130; visit https://reactjs.org/docs/error-decoder.html?invariant=130&args[]=null&args[]= for the full message or use the non-minified dev environment for full errors and additional helpful warnings.
    at sJ (https://imagen.hospitalrealsanlucas.com.mx/viewers2/app.bundle.e5388edc2c94f695.js:25:1650039)
    at s (https://imagen.hospitalrealsanlucas.com.mx/viewers2/app.bundle.e5388edc2c94f695.js:25:1585095)
    at ol (https://imagen.hospitalrealsanlucas.com.mx/viewers2/app.bundle.e5388edc2c94f695.js:25:1605188)
    at l (https://imagen.hospitalrealsanlucas.com.mx/viewers2/app.bundle.e5388edc2c94f695.js:25:1655229)
    at sL (https://imagen.hospitalrealsanlucas.com.mx/viewers2/app.bundle.e5388edc2c94f695.js:25:1633102)
    at sN (https://imagen.hospitalrealsanlucas.com.mx/viewers2/app.bundle.e5388edc2c94f695.js:25:1632972)
    at sx (https://imagen.hospitalrealsanlucas.com.mx/viewers2/app.bundle.e5388edc2c94f695.js:25:1629743)
    at sC (https://imagen.hospitalrealsanlucas.com.mx/viewers2/app.bundle.e5388edc2c94f695.js:25:1628298)
    at E (https://imagen.hospitalrealsanlucas.com.mx/viewers2/app.bundle.e5388edc2c94f695.js:25:1731678)
    at MessagePort.T (https://imagen.hospitalrealsanlucas.com.mx/viewers2/app.bundle.e5388edc2c94f695.js:25:1732199) @ https://imagen.hospitalrealsanlucas.com.mx/viewers2/app.bundle.e5388edc2c94f695.js:24
[    3615ms] [ERROR] Error: Minified React error #130; visit https://reactjs.org/docs/error-decoder.html?invariant=130&args[]=null&args[]= for the full message or use the non-minified dev environment for full errors and additional helpful warnings.
    at sJ (https://imagen.hospitalrealsanlucas.com.mx/viewers2/app.bundle.e5388edc2c94f695.js:25:1650039)
    at s (https://imagen.hospitalrealsanlucas.com.mx/viewers2/app.bundle.e5388edc2c94f695.js:25:1585095)
    at ol (https://imagen.hospitalrealsanlucas.com.mx/viewers2/app.bundle.e5388edc2c94f695.js:25:1605188)
    at l (https://imagen.hospitalrealsanlucas.com.mx/viewers2/app.bundle.e5388edc2c94f695.js:25:1655229)
    at sL (https://imagen.hospitalrealsanlucas.com.mx/viewers2/app.bundle.e5388edc2c94f695.js:25:1633102)
    at sN (https://imagen.hospitalrealsanlucas.com.mx/viewers2/app.bundle.e5388edc2c94f695.js:25:1632972)
    at sx (https://imagen.hospitalrealsanlucas.com.mx/viewers2/app.bundle.e5388edc2c94f695.js:25:1629743)
    at sC (https://imagen.hospitalrealsanlucas.com.mx/viewers2/app.bundle.e5388edc2c94f695.js:25:1628298)
    at E (https://imagen.hospitalrealsanlucas.com.mx/viewers2/app.bundle.e5388edc2c94f695.js:25:1731678)
    at MessagePort.T (https://imagen.hospitalrealsanlucas.com.mx/viewers2/app.bundle.e5388edc2c94f695.js:25:1732199) @ https://imagen.hospitalrealsanlucas.com.mx/viewers2/app.bundle.e5388edc2c94f695.js:24
[    3615ms] [ERROR] Error: Minified React error #130; visit https://reactjs.org/docs/error-decoder.html?invariant=130&args[]=null&args[]= for the full message or use the non-minified dev environment for full errors and additional helpful warnings.
    at sJ (https://imagen.hospitalrealsanlucas.com.mx/viewers2/app.bundle.e5388edc2c94f695.js:25:1650039)
    at s (https://imagen.hospitalrealsanlucas.com.mx/viewers2/app.bundle.e5388edc2c94f695.js:25:1585095)
    at ol (https://imagen.hospitalrealsanlucas.com.mx/viewers2/app.bundle.e5388edc2c94f695.js:25:1605188)
    at l (https://imagen.hospitalrealsanlucas.com.mx/viewers2/app.bundle.e5388edc2c94f695.js:25:1655229)
    at sL (https://imagen.hospitalrealsanlucas.com.mx/viewers2/app.bundle.e5388edc2c94f695.js:25:1633102)
    at sN (https://imagen.hospitalrealsanlucas.com.mx/viewers2/app.bundle.e5388edc2c94f695.js:25:1632972)
    at sx (https://imagen.hospitalrealsanlucas.com.mx/viewers2/app.bundle.e5388edc2c94f695.js:25:1629743)
    at sC (https://imagen.hospitalrealsanlucas.com.mx/viewers2/app.bundle.e5388edc2c94f695.js:25:1628298)
    at E (https://imagen.hospitalrealsanlucas.com.mx/viewers2/app.bundle.e5388edc2c94f695.js:25:1731678)
    at MessagePort.T (https://imagen.hospitalrealsanlucas.com.mx/viewers2/app.bundle.e5388edc2c94f695.js:25:1732199) @ https://imagen.hospitalrealsanlucas.com.mx/viewers2/app.bundle.e5388edc2c94f695.js:24
[    3616ms] [ERROR] Error: Minified React error #130; visit https://reactjs.org/docs/error-decoder.html?invariant=130&args[]=null&args[]= for the full message or use the non-minified dev environment for full errors and additional helpful warnings.
    at sJ (https://imagen.hospitalrealsanlucas.com.mx/viewers2/app.bundle.e5388edc2c94f695.js:25:1650039)
    at s (https://imagen.hospitalrealsanlucas.com.mx/viewers2/app.bundle.e5388edc2c94f695.js:25:1585095)
    at ol (https://imagen.hospitalrealsanlucas.com.mx/viewers2/app.bundle.e5388edc2c94f695.js:25:1605188)
    at l (https://imagen.hospitalrealsanlucas.com.mx/viewers2/app.bundle.e5388edc2c94f695.js:25:1655229)
    at sL (https://imagen.hospitalrealsanlucas.com.mx/viewers2/app.bundle.e5388edc2c94f695.js:25:1633102)
    at sN (https://imagen.hospitalrealsanlucas.com.mx/viewers2/app.bundle.e5388edc2c94f695.js:25:1632972)
    at sx (https://imagen.hospitalrealsanlucas.com.mx/viewers2/app.bundle.e5388edc2c94f695.js:25:1629743)
    at sC (https://imagen.hospitalrealsanlucas.com.mx/viewers2/app.bundle.e5388edc2c94f695.js:25:1628298)
    at E (https://imagen.hospitalrealsanlucas.com.mx/viewers2/app.bundle.e5388edc2c94f695.js:25:1731678)
    at MessagePort.T (https://imagen.hospitalrealsanlucas.com.mx/viewers2/app.bundle.e5388edc2c94f695.js:25:1732199) @ https://imagen.hospitalrealsanlucas.com.mx/viewers2/app.bundle.e5388edc2c94f695.js:24
[    3839ms] [ERROR] The element for this Shepherd step was not found .viewport-element @ https://imagen.hospitalrealsanlucas.com.mx/viewers2/app.bundle.e5388edc2c94f695.js:1381
[    3841ms] [ERROR] No element was found for the selector supplied to advanceOn: .cornerstone-viewport-element @ https://imagen.hospitalrealsanlucas.com.mx/viewers2/app.bundle.e5388edc2c94f695.js:1381
