[    1788ms] [WARNING] Error while trying to use the following icon from the Manifest: https://imagen.hospitalrealsanlucas.com.mx/assets/android-chrome-144x144.png (Download error or resource isn't a valid image) @ https://imagen.hospitalrealsanlucas.com.mx/viewers2/viewer?StudyInstanceUIDs=1.2.826.0.1.3680043.8.498.11720868185761461590540679539517119441:0
[    2321ms] [LOG] CornerstoneRender: using GPU rendering @ https://imagen.hospitalrealsanlucas.com.mx/viewers2/app.bundle.8f5ddf1fe2d4ba9b.js:175
[    2324ms] [LOG] New 'Cornerstone3DTools@0.1' source added. @ https://imagen.hospitalrealsanlucas.com.mx/viewers2/app.bundle.8f5ddf1fe2d4ba9b.js:11
[    2338ms] [LOG] Registering worklist route /viewers2/ /viewers2 @ https://imagen.hospitalrealsanlucas.com.mx/viewers2/app.bundle.8f5ddf1fe2d4ba9b.js:8
[    2526ms] [LOG] using... touch backend? false @ https://imagen.hospitalrealsanlucas.com.mx/viewers2/app.bundle.8f5ddf1fe2d4ba9b.js:16
[    2751ms] [TIMEEND] studyToDisplaySetsLoaded: 176.722900390625 ms @ https://imagen.hospitalrealsanlucas.com.mx/viewers2/app.bundle.8f5ddf1fe2d4ba9b.js:11
[    2916ms] [LOG] ProtocolEngine::matchImages [] [Object, Object] @ https://imagen.hospitalrealsanlucas.com.mx/viewers2/app.bundle.8f5ddf1fe2d4ba9b.js:11
[    2917ms] [LOG] ProtocolEngine::matchImages bestMatch {StudyInstanceUID: 1.2.826.0.1.3680043.8.498.11720868185761461590540679539517119441, SeriesInstanceUID: 1.3.12.2.1107.5.2.52.196740.30000026071109124139200000006, displaySetInstanceUID: 4d04474f-00db-9dc4-05cb-8dad36d2de03, matchingScore: 10, matchDetails: Object} [Object, Object, Object, Object, Object, Object] @ https://imagen.hospitalrealsanlucas.com.mx/viewers2/app.bundle.8f5ddf1fe2d4ba9b.js:11
[    2918ms] [LOG] ProtocolEngine::matchImages [] [Object, Object] @ https://imagen.hospitalrealsanlucas.com.mx/viewers2/app.bundle.8f5ddf1fe2d4ba9b.js:11
[    2918ms] [LOG] ProtocolEngine::matchImages bestMatch {StudyInstanceUID: 1.2.826.0.1.3680043.8.498.11720868185761461590540679539517119441, SeriesInstanceUID: 1.3.12.2.1107.5.2.52.196740.30000026071109124139200000006, displaySetInstanceUID: 4d04474f-00db-9dc4-05cb-8dad36d2de03, matchingScore: 10, matchDetails: Object} [Object, Object, Object, Object, Object, Object] @ https://imagen.hospitalrealsanlucas.com.mx/viewers2/app.bundle.8f5ddf1fe2d4ba9b.js:11
[    2918ms] [LOG] ProtocolEngine::matchImages [] [Object, Object] @ https://imagen.hospitalrealsanlucas.com.mx/viewers2/app.bundle.8f5ddf1fe2d4ba9b.js:11
[    2918ms] [LOG] ProtocolEngine::matchImages bestMatch {StudyInstanceUID: 1.2.826.0.1.3680043.8.498.11720868185761461590540679539517119441, SeriesInstanceUID: 1.3.12.2.1107.5.2.52.196740.30000026071109124139200000006, displaySetInstanceUID: 4d04474f-00db-9dc4-05cb-8dad36d2de03, matchingScore: 10, matchDetails: Object} [Object, Object, Object, Object, Object, Object] @ https://imagen.hospitalrealsanlucas.com.mx/viewers2/app.bundle.8f5ddf1fe2d4ba9b.js:11
[    2918ms] [LOG] ProtocolEngine::matchImages [] [Object, Object] @ https://imagen.hospitalrealsanlucas.com.mx/viewers2/app.bundle.8f5ddf1fe2d4ba9b.js:11
[    2918ms] [LOG] ProtocolEngine::matchImages bestMatch {StudyInstanceUID: 1.2.826.0.1.3680043.8.498.11720868185761461590540679539517119441, SeriesInstanceUID: 1.3.12.2.1107.5.2.52.196740.30000026071109124139200000006, displaySetInstanceUID: 4d04474f-00db-9dc4-05cb-8dad36d2de03, matchingScore: 10, matchDetails: Object} [Object, Object, Object, Object, Object, Object] @ https://imagen.hospitalrealsanlucas.com.mx/viewers2/app.bundle.8f5ddf1fe2d4ba9b.js:11
[    3006ms] [TIMEEND] displaySetsToFirstImage: 254.64306640625 ms @ https://imagen.hospitalrealsanlucas.com.mx/viewers2/app.bundle.8f5ddf1fe2d4ba9b.js:11
[    3006ms] [TIMEEND] studyToFirstImage: 431.472900390625 ms @ https://imagen.hospitalrealsanlucas.com.mx/viewers2/app.bundle.8f5ddf1fe2d4ba9b.js:11
[    3006ms] [TIMEEND] scriptToView: 2709.0439453125 ms @ https://imagen.hospitalrealsanlucas.com.mx/viewers2/app.bundle.8f5ddf1fe2d4ba9b.js:11
[    3006ms] [TIMEEND] displaySetsToAllImages: 254.738037109375 ms @ https://imagen.hospitalrealsanlucas.com.mx/viewers2/app.bundle.8f5ddf1fe2d4ba9b.js:11
[    3280ms] [LOG] No source mapping b5396e90-950f-9cfc-d664-489b16652974 ReferenceLines {uid: b5396e90-950f-9cfc-d664-489b16652974, name: Cornerstone3DTools, version: 0.1, annotationToMeasurement: , remove: } @ https://imagen.hospitalrealsanlucas.com.mx/viewers2/app.bundle.8f5ddf1fe2d4ba9b.js:11
[    3280ms] [LOG] Measurement is invalidated, skipping... {annotation: Object, viewportId: default, renderingEngineId: OHIFCornerstoneRenderingEngine, uid: ba8f6710-d571-4bb8-8f34-e99917a42943} @ https://imagen.hospitalrealsanlucas.com.mx/viewers2/app.bundle.8f5ddf1fe2d4ba9b.js:11
