[    7052ms] [WARNING] Error while trying to use the following icon from the Manifest: https://imagen.hospitalrealsanlucas.com.mx/icon-192.webp (Download error or resource isn't a valid image) @ https://imagen.hospitalrealsanlucas.com.mx/viewers2/viewer?StudyInstanceUIDs=1.2.826.0.1.3680043.8.498.11720868185761461590540679539517119441:0
[    9946ms] [LOG] CornerstoneRender: using GPU rendering @ https://imagen.hospitalrealsanlucas.com.mx/viewers2/app.bundle.3dd4c0884156298a.js:175
[    9951ms] [LOG] New 'Cornerstone3DTools@0.1' source added. @ https://imagen.hospitalrealsanlucas.com.mx/viewers2/app.bundle.3dd4c0884156298a.js:11
[    9961ms] [LOG] Registering worklist route /viewers2/ /viewers2 @ https://imagen.hospitalrealsanlucas.com.mx/viewers2/app.bundle.3dd4c0884156298a.js:8
[   11391ms] [LOG] using... touch backend? false @ https://imagen.hospitalrealsanlucas.com.mx/viewers2/app.bundle.3dd4c0884156298a.js:16
[   11768ms] [TIMEEND] studyToDisplaySetsLoaded: 226.427978515625 ms @ https://imagen.hospitalrealsanlucas.com.mx/viewers2/app.bundle.3dd4c0884156298a.js:11
[   11769ms] [LOG] ProtocolEngine::matchImages [] [Object, Object] @ https://imagen.hospitalrealsanlucas.com.mx/viewers2/app.bundle.3dd4c0884156298a.js:11
[   11770ms] [LOG] ProtocolEngine::matchImages bestMatch {StudyInstanceUID: 1.2.826.0.1.3680043.8.498.11720868185761461590540679539517119441, SeriesInstanceUID: 1.3.12.2.1107.5.2.52.196740.30000026071109124139200000006, displaySetInstanceUID: a054ca41-3ab3-2c46-4fcf-148ea376427d, matchingScore: 10, matchDetails: Object} [Object, Object, Object, Object, Object, Object] @ https://imagen.hospitalrealsanlucas.com.mx/viewers2/app.bundle.3dd4c0884156298a.js:11
[   11771ms] [LOG] ProtocolEngine::matchImages [] [Object, Object] @ https://imagen.hospitalrealsanlucas.com.mx/viewers2/app.bundle.3dd4c0884156298a.js:11
[   11771ms] [LOG] ProtocolEngine::matchImages bestMatch {StudyInstanceUID: 1.2.826.0.1.3680043.8.498.11720868185761461590540679539517119441, SeriesInstanceUID: 1.3.12.2.1107.5.2.52.196740.30000026071109124139200000006, displaySetInstanceUID: a054ca41-3ab3-2c46-4fcf-148ea376427d, matchingScore: 10, matchDetails: Object} [Object, Object, Object, Object, Object, Object] @ https://imagen.hospitalrealsanlucas.com.mx/viewers2/app.bundle.3dd4c0884156298a.js:11
[   11771ms] [LOG] ProtocolEngine::matchImages [] [Object, Object] @ https://imagen.hospitalrealsanlucas.com.mx/viewers2/app.bundle.3dd4c0884156298a.js:11
[   11772ms] [LOG] ProtocolEngine::matchImages bestMatch {StudyInstanceUID: 1.2.826.0.1.3680043.8.498.11720868185761461590540679539517119441, SeriesInstanceUID: 1.3.12.2.1107.5.2.52.196740.30000026071109124139200000006, displaySetInstanceUID: a054ca41-3ab3-2c46-4fcf-148ea376427d, matchingScore: 10, matchDetails: Object} [Object, Object, Object, Object, Object, Object] @ https://imagen.hospitalrealsanlucas.com.mx/viewers2/app.bundle.3dd4c0884156298a.js:11
[   11772ms] [LOG] ProtocolEngine::matchImages [] [Object, Object] @ https://imagen.hospitalrealsanlucas.com.mx/viewers2/app.bundle.3dd4c0884156298a.js:11
[   11772ms] [LOG] ProtocolEngine::matchImages bestMatch {StudyInstanceUID: 1.2.826.0.1.3680043.8.498.11720868185761461590540679539517119441, SeriesInstanceUID: 1.3.12.2.1107.5.2.52.196740.30000026071109124139200000006, displaySetInstanceUID: a054ca41-3ab3-2c46-4fcf-148ea376427d, matchingScore: 10, matchDetails: Object} [Object, Object, Object, Object, Object, Object] @ https://imagen.hospitalrealsanlucas.com.mx/viewers2/app.bundle.3dd4c0884156298a.js:11
[   11831ms] [ERROR] Error: Minified React error #130; visit https://reactjs.org/docs/error-decoder.html?invariant=130&args[]=null&args[]= for the full message or use the non-minified dev environment for full errors and additional helpful warnings.
    at sJ (https://imagen.hospitalrealsanlucas.com.mx/viewers2/app.bundle.3dd4c0884156298a.js:25:1650039)
    at s (https://imagen.hospitalrealsanlucas.com.mx/viewers2/app.bundle.3dd4c0884156298a.js:25:1585095)
    at ol (https://imagen.hospitalrealsanlucas.com.mx/viewers2/app.bundle.3dd4c0884156298a.js:25:1605188)
    at l (https://imagen.hospitalrealsanlucas.com.mx/viewers2/app.bundle.3dd4c0884156298a.js:25:1655229)
    at sL (https://imagen.hospitalrealsanlucas.com.mx/viewers2/app.bundle.3dd4c0884156298a.js:25:1633102)
    at sN (https://imagen.hospitalrealsanlucas.com.mx/viewers2/app.bundle.3dd4c0884156298a.js:25:1632972)
    at sx (https://imagen.hospitalrealsanlucas.com.mx/viewers2/app.bundle.3dd4c0884156298a.js:25:1629743)
    at sC (https://imagen.hospitalrealsanlucas.com.mx/viewers2/app.bundle.3dd4c0884156298a.js:25:1628298)
    at E (https://imagen.hospitalrealsanlucas.com.mx/viewers2/app.bundle.3dd4c0884156298a.js:25:1731678)
    at MessagePort.T (https://imagen.hospitalrealsanlucas.com.mx/viewers2/app.bundle.3dd4c0884156298a.js:25:1732199) @ https://imagen.hospitalrealsanlucas.com.mx/viewers2/app.bundle.3dd4c0884156298a.js:24
[   11832ms] [ERROR] Error: Minified React error #130; visit https://reactjs.org/docs/error-decoder.html?invariant=130&args[]=null&args[]= for the full message or use the non-minified dev environment for full errors and additional helpful warnings.
    at sJ (https://imagen.hospitalrealsanlucas.com.mx/viewers2/app.bundle.3dd4c0884156298a.js:25:1650039)
    at s (https://imagen.hospitalrealsanlucas.com.mx/viewers2/app.bundle.3dd4c0884156298a.js:25:1585095)
    at ol (https://imagen.hospitalrealsanlucas.com.mx/viewers2/app.bundle.3dd4c0884156298a.js:25:1605188)
    at l (https://imagen.hospitalrealsanlucas.com.mx/viewers2/app.bundle.3dd4c0884156298a.js:25:1655229)
    at sL (https://imagen.hospitalrealsanlucas.com.mx/viewers2/app.bundle.3dd4c0884156298a.js:25:1633102)
    at sN (https://imagen.hospitalrealsanlucas.com.mx/viewers2/app.bundle.3dd4c0884156298a.js:25:1632972)
    at sx (https://imagen.hospitalrealsanlucas.com.mx/viewers2/app.bundle.3dd4c0884156298a.js:25:1629743)
    at sC (https://imagen.hospitalrealsanlucas.com.mx/viewers2/app.bundle.3dd4c0884156298a.js:25:1628298)
    at E (https://imagen.hospitalrealsanlucas.com.mx/viewers2/app.bundle.3dd4c0884156298a.js:25:1731678)
    at MessagePort.T (https://imagen.hospitalrealsanlucas.com.mx/viewers2/app.bundle.3dd4c0884156298a.js:25:1732199) @ https://imagen.hospitalrealsanlucas.com.mx/viewers2/app.bundle.3dd4c0884156298a.js:24
[   11833ms] [ERROR] Error: Minified React error #130; visit https://reactjs.org/docs/error-decoder.html?invariant=130&args[]=null&args[]= for the full message or use the non-minified dev environment for full errors and additional helpful warnings.
    at sJ (https://imagen.hospitalrealsanlucas.com.mx/viewers2/app.bundle.3dd4c0884156298a.js:25:1650039)
    at s (https://imagen.hospitalrealsanlucas.com.mx/viewers2/app.bundle.3dd4c0884156298a.js:25:1585095)
    at ol (https://imagen.hospitalrealsanlucas.com.mx/viewers2/app.bundle.3dd4c0884156298a.js:25:1605188)
    at l (https://imagen.hospitalrealsanlucas.com.mx/viewers2/app.bundle.3dd4c0884156298a.js:25:1655229)
    at sL (https://imagen.hospitalrealsanlucas.com.mx/viewers2/app.bundle.3dd4c0884156298a.js:25:1633102)
    at sN (https://imagen.hospitalrealsanlucas.com.mx/viewers2/app.bundle.3dd4c0884156298a.js:25:1632972)
    at sx (https://imagen.hospitalrealsanlucas.com.mx/viewers2/app.bundle.3dd4c0884156298a.js:25:1629743)
    at sC (https://imagen.hospitalrealsanlucas.com.mx/viewers2/app.bundle.3dd4c0884156298a.js:25:1628298)
    at E (https://imagen.hospitalrealsanlucas.com.mx/viewers2/app.bundle.3dd4c0884156298a.js:25:1731678)
    at MessagePort.T (https://imagen.hospitalrealsanlucas.com.mx/viewers2/app.bundle.3dd4c0884156298a.js:25:1732199) @ https://imagen.hospitalrealsanlucas.com.mx/viewers2/app.bundle.3dd4c0884156298a.js:24
[   11833ms] [ERROR] Error: Minified React error #130; visit https://reactjs.org/docs/error-decoder.html?invariant=130&args[]=null&args[]= for the full message or use the non-minified dev environment for full errors and additional helpful warnings.
    at sJ (https://imagen.hospitalrealsanlucas.com.mx/viewers2/app.bundle.3dd4c0884156298a.js:25:1650039)
    at s (https://imagen.hospitalrealsanlucas.com.mx/viewers2/app.bundle.3dd4c0884156298a.js:25:1585095)
    at ol (https://imagen.hospitalrealsanlucas.com.mx/viewers2/app.bundle.3dd4c0884156298a.js:25:1605188)
    at l (https://imagen.hospitalrealsanlucas.com.mx/viewers2/app.bundle.3dd4c0884156298a.js:25:1655229)
    at sL (https://imagen.hospitalrealsanlucas.com.mx/viewers2/app.bundle.3dd4c0884156298a.js:25:1633102)
    at sN (https://imagen.hospitalrealsanlucas.com.mx/viewers2/app.bundle.3dd4c0884156298a.js:25:1632972)
    at sx (https://imagen.hospitalrealsanlucas.com.mx/viewers2/app.bundle.3dd4c0884156298a.js:25:1629743)
    at sC (https://imagen.hospitalrealsanlucas.com.mx/viewers2/app.bundle.3dd4c0884156298a.js:25:1628298)
    at E (https://imagen.hospitalrealsanlucas.com.mx/viewers2/app.bundle.3dd4c0884156298a.js:25:1731678)
    at MessagePort.T (https://imagen.hospitalrealsanlucas.com.mx/viewers2/app.bundle.3dd4c0884156298a.js:25:1732199) @ https://imagen.hospitalrealsanlucas.com.mx/viewers2/app.bundle.3dd4c0884156298a.js:24
[   11833ms] [ERROR] Error: Minified React error #130; visit https://reactjs.org/docs/error-decoder.html?invariant=130&args[]=null&args[]= for the full message or use the non-minified dev environment for full errors and additional helpful warnings.
    at sJ (https://imagen.hospitalrealsanlucas.com.mx/viewers2/app.bundle.3dd4c0884156298a.js:25:1650039)
    at s (https://imagen.hospitalrealsanlucas.com.mx/viewers2/app.bundle.3dd4c0884156298a.js:25:1585095)
    at ol (https://imagen.hospitalrealsanlucas.com.mx/viewers2/app.bundle.3dd4c0884156298a.js:25:1605188)
    at l (https://imagen.hospitalrealsanlucas.com.mx/viewers2/app.bundle.3dd4c0884156298a.js:25:1655229)
    at sL (https://imagen.hospitalrealsanlucas.com.mx/viewers2/app.bundle.3dd4c0884156298a.js:25:1633102)
    at sN (https://imagen.hospitalrealsanlucas.com.mx/viewers2/app.bundle.3dd4c0884156298a.js:25:1632972)
    at sx (https://imagen.hospitalrealsanlucas.com.mx/viewers2/app.bundle.3dd4c0884156298a.js:25:1629743)
    at sC (https://imagen.hospitalrealsanlucas.com.mx/viewers2/app.bundle.3dd4c0884156298a.js:25:1628298)
    at E (https://imagen.hospitalrealsanlucas.com.mx/viewers2/app.bundle.3dd4c0884156298a.js:25:1731678)
    at MessagePort.T (https://imagen.hospitalrealsanlucas.com.mx/viewers2/app.bundle.3dd4c0884156298a.js:25:1732199) @ https://imagen.hospitalrealsanlucas.com.mx/viewers2/app.bundle.3dd4c0884156298a.js:24
[   11833ms] [ERROR] Error: Minified React error #130; visit https://reactjs.org/docs/error-decoder.html?invariant=130&args[]=null&args[]= for the full message or use the non-minified dev environment for full errors and additional helpful warnings.
    at sJ (https://imagen.hospitalrealsanlucas.com.mx/viewers2/app.bundle.3dd4c0884156298a.js:25:1650039)
    at s (https://imagen.hospitalrealsanlucas.com.mx/viewers2/app.bundle.3dd4c0884156298a.js:25:1585095)
    at ol (https://imagen.hospitalrealsanlucas.com.mx/viewers2/app.bundle.3dd4c0884156298a.js:25:1605188)
    at l (https://imagen.hospitalrealsanlucas.com.mx/viewers2/app.bundle.3dd4c0884156298a.js:25:1655229)
    at sL (https://imagen.hospitalrealsanlucas.com.mx/viewers2/app.bundle.3dd4c0884156298a.js:25:1633102)
    at sN (https://imagen.hospitalrealsanlucas.com.mx/viewers2/app.bundle.3dd4c0884156298a.js:25:1632972)
    at sx (https://imagen.hospitalrealsanlucas.com.mx/viewers2/app.bundle.3dd4c0884156298a.js:25:1629743)
    at sC (https://imagen.hospitalrealsanlucas.com.mx/viewers2/app.bundle.3dd4c0884156298a.js:25:1628298)
    at E (https://imagen.hospitalrealsanlucas.com.mx/viewers2/app.bundle.3dd4c0884156298a.js:25:1731678)
    at MessagePort.T (https://imagen.hospitalrealsanlucas.com.mx/viewers2/app.bundle.3dd4c0884156298a.js:25:1732199) @ https://imagen.hospitalrealsanlucas.com.mx/viewers2/app.bundle.3dd4c0884156298a.js:24
