[     521ms] [INFO] %cDownload the React DevTools for a better development experience: https://reactjs.org/link/react-devtools font-weight:bold @ https://imagen.hospitalrealsanlucas.com.mx/images/app.js:313767
[     704ms] [LOG] CornerstoneRender: using GPU rendering @ https://imagen.hospitalrealsanlucas.com.mx/images/app.js:22002
[     705ms] [LOG] New 'Cornerstone3DTools@0.1' source added. @ https://imagen.hospitalrealsanlucas.com.mx/images/app.js:67885
[     711ms] [WARNING] Error while trying to use the following icon from the Manifest: https://imagen.hospitalrealsanlucas.com.mx/icon-192.webp (Download error or resource isn't a valid image) @ https://imagen.hospitalrealsanlucas.com.mx/viewers2/viewer?StudyInstanceUIDs=1.2.826.0.1.3680043.8.498.11720868185761461590540679539517119441:0
[     721ms] [LOG] Registering worklist route /viewers2/ /viewers2 @ https://imagen.hospitalrealsanlucas.com.mx/images/app.js:124551
[     763ms] [LOG] using... touch backend? false @ https://imagen.hospitalrealsanlucas.com.mx/images/app.js:112720
[    1135ms] [TIMEEND] studyToDisplaySetsLoaded: 296.75 ms @ https://imagen.hospitalrealsanlucas.com.mx/images/app.js:62930
[    1255ms] [ERROR] Warning: validateDOMNesting(...): %s cannot appear as a descendant of <%s>.%s <button> button 
    at button
    at div
    at button
    at div
    at div
    at PanelInterpretations (https://imagen.hospitalrealsanlucas.com.mx/images/extensions_default_src_index_ts.js:6250:96)
    at div
    at SidePanel (https://imagen.hospitalrealsanlucas.com.mx/images/app.js:107970:3)
    at SidePanelWithServices (https://imagen.hospitalrealsanlucas.com.mx/images/extensions_default_src_index_ts.js:910:3)
    at div
    at PanelWithForwardedRef (https://imagen.hospitalrealsanlucas.com.mx/images/app.js:316523:3)
    at forwardRef(Panel)
    at div
    at PanelGroupWithForwardedRef (https://imagen.hospitalrealsanlucas.com.mx/images/app.js:318146:3)
    at forwardRef(PanelGroup)
    at ResizablePanelGroup (https://imagen.hospitalrealsanlucas.com.mx/images/app.js:105415:3)
    at div
    at div
    at ViewerLayoutWithServices (https://imagen.hospitalrealsanlucas.com.mx/images/extensions_default_src_index_ts.js:13148:69)
    at DndProvider (https://imagen.hospitalrealsanlucas.com.mx/images/app.js:280650:23)
    at DragAndDropProvider (https://imagen.hospitalrealsanlucas.com.mx/images/app.js:112716:3)
    at TrackedMeasurementsContextProvider (https://imagen.hospitalrealsanlucas.com.mx/images/extensions_measurement-tracking_src_index_tsx.js:67:3)
    at https://imagen.hospitalrealsanlucas.com.mx/images/app.js:122674:5
    at ImageViewerProvider (https://imagen.hospitalrealsanlucas.com.mx/images/app.js:112886:3)
    at ModeRoute (https://imagen.hospitalrealsanlucas.com.mx/images/app.js:122353:3)
    at children
    at ErrorBoundary (https://imagen.hospitalrealsanlucas.com.mx/images/app.js:314857:35)
    at ErrorBoundary (https://imagen.hospitalrealsanlucas.com.mx/images/app.js:83175:3)
    at RouteWithErrorBoundary (https://imagen.hospitalrealsanlucas.com.mx/images/app.js:124566:5)
    at PrivateRoute (https://imagen.hospitalrealsanlucas.com.mx/images/app.js:123231:3)
    at RenderedRoute (https://imagen.hospitalrealsanlucas.com.mx/images/app.js:321177:5)
    at Routes (https://imagen.hospitalrealsanlucas.com.mx/images/app.js:321911:5)
    at Router (https://imagen.hospitalrealsanlucas.com.mx/images/app.js:321845:15)
    at BrowserRouter (https://imagen.hospitalrealsanlucas.com.mx/images/app.js:319748:5)
    at Uo (https://imagen.hospitalrealsanlucas.com.mx/images/app.js:525554:13)
    at ModalProvider (https://imagen.hospitalrealsanlucas.com.mx/images/app.js:113117:3)
    at DialogProvider (https://imagen.hospitalrealsanlucas.com.mx/images/app.js:112596:3)
    at Provider (https://imagen.hospitalrealsanlucas.com.mx/images/app.js:412168:15)
    at TooltipProvider (https://imagen.hospitalrealsanlucas.com.mx/images/app.js:419415:5)
    at NotificationProvider (https://imagen.hospitalrealsanlucas.com.mx/images/app.js:113234:3)
    at CineProvider (https://imagen.hospitalrealsanlucas.com.mx/images/app.js:112426:3)
    at ViewportDialogProvider (https://imagen.hospitalrealsanlucas.com.mx/images/app.js:113683:3)
    at ViewportGridProvider (https://imagen.hospitalrealsanlucas.com.mx/images/app.js:113860:3)
    at ViewportRefsProvider (https://imagen.hospitalrealsanlucas.com.mx/images/app.js:62548:3)
    at SystemContextProvider (https://imagen.hospitalrealsanlucas.com.mx/images/app.js:60616:3)
    at ThemeWrapper (https://imagen.hospitalrealsanlucas.com.mx/images/app.js:109412:3)
    at I18nextProvider (https://imagen.hospitalrealsanlucas.com.mx/images/app.js:520564:19)
    at UserAuthenticationProvider (https://imagen.hospitalrealsanlucas.com.mx/images/app.js:113500:3)
    at AppConfigProvider (https://imagen.hospitalrealsanlucas.com.mx/images/app.js:124672:3)
    at CombinedProviders (https://imagen.hospitalrealsanlucas.com.mx/images/app.js:120182:5)
    at App (https://imagen.hospitalrealsanlucas.com.mx/images/app.js:120079:3) @ https://imagen.hospitalrealsanlucas.com.mx/images/app.js:283962
[    1337ms] [LOG] ProtocolEngine::matchImages [] [Object, Object] @ https://imagen.hospitalrealsanlucas.com.mx/images/app.js:66455
[    1338ms] [LOG] ProtocolEngine::matchImages bestMatch {StudyInstanceUID: 1.2.826.0.1.3680043.8.498.11720868185761461590540679539517119441, SeriesInstanceUID: 1.3.12.2.1107.5.2.52.196740.30000026071109124139200000006, displaySetInstanceUID: 2ca6aff2-fcfa-0f67-a03d-6db65351abf0, matchingScore: 10, matchDetails: Object} [Object, Object, Object, Object, Object, Object] @ https://imagen.hospitalrealsanlucas.com.mx/images/app.js:66537
[    1339ms] [LOG] ProtocolEngine::matchImages [] [Object, Object] @ https://imagen.hospitalrealsanlucas.com.mx/images/app.js:66455
[    1339ms] [LOG] ProtocolEngine::matchImages bestMatch {StudyInstanceUID: 1.2.826.0.1.3680043.8.498.11720868185761461590540679539517119441, SeriesInstanceUID: 1.3.12.2.1107.5.2.52.196740.30000026071109124139200000006, displaySetInstanceUID: 2ca6aff2-fcfa-0f67-a03d-6db65351abf0, matchingScore: 10, matchDetails: Object} [Object, Object, Object, Object, Object, Object] @ https://imagen.hospitalrealsanlucas.com.mx/images/app.js:66537
[    1339ms] [LOG] ProtocolEngine::matchImages [] [Object, Object] @ https://imagen.hospitalrealsanlucas.com.mx/images/app.js:66455
[    1339ms] [LOG] ProtocolEngine::matchImages bestMatch {StudyInstanceUID: 1.2.826.0.1.3680043.8.498.11720868185761461590540679539517119441, SeriesInstanceUID: 1.3.12.2.1107.5.2.52.196740.30000026071109124139200000006, displaySetInstanceUID: 2ca6aff2-fcfa-0f67-a03d-6db65351abf0, matchingScore: 10, matchDetails: Object} [Object, Object, Object, Object, Object, Object] @ https://imagen.hospitalrealsanlucas.com.mx/images/app.js:66537
[    1339ms] [LOG] ProtocolEngine::matchImages [] [Object, Object] @ https://imagen.hospitalrealsanlucas.com.mx/images/app.js:66455
[    1339ms] [LOG] ProtocolEngine::matchImages bestMatch {StudyInstanceUID: 1.2.826.0.1.3680043.8.498.11720868185761461590540679539517119441, SeriesInstanceUID: 1.3.12.2.1107.5.2.52.196740.30000026071109124139200000006, displaySetInstanceUID: 2ca6aff2-fcfa-0f67-a03d-6db65351abf0, matchingScore: 10, matchDetails: Object} [Object, Object, Object, Object, Object, Object] @ https://imagen.hospitalrealsanlucas.com.mx/images/app.js:66537
[    1689ms] [TIMEEND] displaySetsToFirstImage: 554.173095703125 ms @ https://imagen.hospitalrealsanlucas.com.mx/images/app.js:62930
[    1689ms] [TIMEEND] studyToFirstImage: 851.19482421875 ms @ https://imagen.hospitalrealsanlucas.com.mx/images/app.js:62930
[    1689ms] [TIMEEND] scriptToView: 1276.385986328125 ms @ https://imagen.hospitalrealsanlucas.com.mx/images/app.js:62930
[    1689ms] [TIMEEND] displaySetsToAllImages: 554.3681640625 ms @ https://imagen.hospitalrealsanlucas.com.mx/images/app.js:62930
[    2083ms] [LOG] No source mapping 8e22e5ec-bc06-f4b0-e8f4-cee377c64051 ReferenceLines {uid: 8e22e5ec-bc06-f4b0-e8f4-cee377c64051, name: Cornerstone3DTools, version: 0.1, annotationToMeasurement: , remove: } @ https://imagen.hospitalrealsanlucas.com.mx/images/app.js:68094
[    2083ms] [LOG] Measurement is invalidated, skipping... {annotation: Object, viewportId: default, renderingEngineId: OHIFCornerstoneRenderingEngine, uid: d9804345-6343-4fc3-a698-dc5b177568e1} @ https://imagen.hospitalrealsanlucas.com.mx/images/app.js:68189
